{"product":"Wayang","valid":true,"issueCount":0,"totalProfiles":5,"profileIds":["default","production","minimal","contracts","catalogs"],"validationPolicy":{"policyId":"strict","strict":true,"knownReadinessCount":6,"requireDefaultProfile":true,"requireProductionProfile":true,"requireFullReadinessCoverage":true},"defaultProfileCount":1,"defaultProfileIds":["default"],"productionProfileCount":1,"productionProfileIds":["production"],"knownReadinessIds":["wayang.storage.readiness","wayang.contract.integrity.readiness","wayang.contract.coverage.readiness","wayang.skill-catalog.readiness","wayang.provider-capability.readiness","wayang.standard-alignment.readiness"],"coveredReadinessCount":6,"coveredReadinessIds":["wayang.storage.readiness","wayang.contract.integrity.readiness","wayang.contract.coverage.readiness","wayang.skill-catalog.readiness","wayang.provider-capability.readiness","wayang.standard-alignment.readiness"],"uncoveredReadinessCount":0,"uncoveredReadinessIds":[],"issues":[]}
