{"contract":{"schema":"wayang.run.lifecycle","version":1,"envelope":"run-cancel"},"runId":"contract-run-1","cancelled":false,"outcome":"not-cancellable","handle":{"runId":"contract-run-1","state":"COMPLETED","strategy":"contract-strategy","terminal":true},"message":"Contract run is already completed and cannot be cancelled.","metadata":{"state":"COMPLETED","strategy":"contract-strategy","reason":"contract stop"}}
