{"product":"Wayang","boundaryId":"run","boundary":{"id":"run","name":"Run Lifecycle","intendedPackage":"tech.kayys.wayang.gollek.sdk.run","responsibility":"Agent run requests, planning, lifecycle snapshots, event timelines, and run-store operations.","classPrefixes":["AgentRun","FileAgentRunStore","InMemoryAgentRunStore","WayangAgentRequestMapper","WayangRun","SurfacePolicy"],"contractSchemas":["wayang.run.planning","wayang.run.lifecycle"],"dependsOn":["core","context","platform","storage"]}}
