{"product":"Wayang","surfaceId":null,"profileId":null,"resolvedSurfaceId":null,"category":null,"commandId":"run-print-spec-output","contractJsonSchemaId":null,"query":{"surfaceId":null,"profileId":null,"resolvedSurfaceId":null,"category":null,"commandId":"run-print-spec-output","contractJsonSchemaId":null,"filtered":true},"totalCommands":96,"matchingCommands":1,"categories":["Run Specs"],"categoryCounts":{"Run Specs":1},"categorySummaries":[{"name":"Run Specs","count":1,"commandIds":["run-print-spec-output"]}],"contractJsonSchemaIds":[],"contractJsonSchemaIdCounts":{},"contractSummaries":[],"commandIds":["run-print-spec-output"],"commands":[{"id":"run-print-spec-output","title":"Save Resolved Spec","command":"run <task> --print-spec --output <file>","category":"Run Specs","description":"Write the resolved run request to a UTF-8 properties file.","surfaceIds":[],"localOnly":false}]}
