{"product":"Wayang","totalContracts":40,"totalCommands":96,"commandLinkedContracts":39,"commandlessContracts":1,"incompleteContracts":0,"commandContractLinks":64,"commandlessEntries":[{"schema":"wayang.readiness","version":1,"envelope":"readiness-report","domain":"readiness","jsonSchemaId":"urn:wayang:contract:wayang.readiness:v1:readiness-report","declaredCommandIds":[],"linkedCommandIds":[],"unlinkedCommandIds":[],"undeclaredLinkedCommandIds":[],"commandLinked":false,"commandless":true,"complete":true}],"incompleteEntries":[]}
