{"product":"Wayang","surfaceId":"assistant-agent","totalProfiles":1,"profiles":[{"id":"assistant-agent","name":"Assistant Agent","surfaceId":"assistant-agent","description":"Conversation assistant with memory, RAG, and MCP skill routing.","starterPrompt":"Describe the assistant task.","workflowId":"","skills":["memory","rag","mcp"],"memoryEnabled":true,"workspaceEnabled":false,"harnessEnabled":false,"harnessIncludeOptional":true,"requireReady":true,"maxSteps":12,"workspaceMaxEntries":80,"harnessMaxChecks":8,"context":{"wayang.profile":"assistant-agent","wayang.surface":"assistant-agent"},"notes":["Use for chat, support, and knowledge assistant products."]}]}
