{"product":"Wayang","capabilityId":"storage.hybrid-persistence","capability":{"id":"storage.hybrid-persistence","providerId":"wayang-storage","providerNamespace":"wayang","moduleId":"storage","capabilityType":"storage","name":"Hybrid Persistence","description":"Coordinate database, object storage, and file fallback persistence policies.","state":"preview","available":true,"surfaceIds":["assistant-agent","workflow-platform","platform-admin"],"standardIds":[],"tags":["database","object-storage","file-fallback","rustfs","s3"],"metadata":{"fallback":"files"}}}
