{"contract":{"schema":"wayang.run.lifecycle","version":1,"envelope":"run-status"},"handle":{"runId":"contract-run-1","state":"COMPLETED","strategy":"contract-strategy","terminal":true},"outcome":"terminal","known":true,"message":"Contract run completed.","metadata":{"tenant":"tenant-contract","session":"session-contract","surface":"assistant-agent"}}
