{"contract":{"schema":"wayang.run.lifecycle","version":1,"envelope":"run-wait"},"runId":"contract-run-1","outcome":"terminal","terminal":true,"timedOut":false,"attempts":1,"elapsedMillis":0,"status":{"handle":{"runId":"contract-run-1","state":"COMPLETED","strategy":"contract-strategy","terminal":true},"outcome":"terminal","known":true,"message":"Contract run completed.","metadata":{"tenant":"tenant-contract","session":"session-contract","surface":"assistant-agent"}},"message":"Run reached terminal state: completed.","metadata":{"timeoutMillis":0,"pollMillis":1}}
