{"contract":{"schema":"wayang.run.planning","version":1,"envelope":"run-preflight"},"surfaceId":"coding-agent","ready":true,"surfacePolicyAssessment":{"surfaceId":"coding-agent","ready":true,"satisfiedContextKeys":["surfaceId","workspace","harness"],"missingContextKeys":[],"recommendations":[],"routingHints":["inspect-workspace","plan-harness","prefer-tool-use"]},"skillAssessment":{"surfaceId":"coding-agent","ready":true,"requestedSkills":["repo"],"resolvedSkillIds":["repo.context"],"unknownSkills":[],"unavailableSkillIds":[],"incompatibleSkillIds":[],"recommendations":[]}}
