{"product":"Wayang","skillId":"rag.retrieve","skill":{"id":"rag.retrieve","name":"RAG Retrieval","description":"Retrieve grounded context chunks and citations for agent answers.","category":"Retrieval","source":"rag","version":"1.0.0","state":"ACTIVE","availableForRuns":true,"surfaceIds":["assistant-agent","workflow-platform","platform-admin"],"inputKeys":["query","collection","filters"],"outputKeys":["chunks","citations"],"tags":["rag","docs"],"aliases":["rag"],"metadata":{}}}
